2025-08-18 18:00:11.457 DEBUG [background-preinit] org.jboss.logging - Logging Provider: org.jboss.logging.Log4j2LoggerProvider
2025-08-18 18:00:11.513 INFO  [main] com.revapp.planengine.Application - Starting Application using Java 21.0.4 with PID 36104 (C:\Users\AGARCIAB-local\Desktop\REVPLAN\Revplan\apps\backend\plan-engine-module\plan-engine-microservice\plan-engine-microservice-boot\target\classes started by AGARCIAB-local in C:\Users\AGARCIAB-local\Desktop\REVPLAN\Revplan\apps\backend\plan-engine-module\plan-engine-microservice)
2025-08-18 18:00:11.518 DEBUG [main] com.revapp.planengine.Application - Running with Spring Boot v3.4.3, Spring v6.2.3
2025-08-18 18:00:11.519 INFO  [main] com.revapp.planengine.Application - The following 1 profile is active: "local"
2025-08-18 18:00:14.251 INFO  [main] org.apache.coyote.http11.Http11NioProtocol - Initializing ProtocolHandler ["http-nio-8080"]
2025-08-18 18:00:14.393 DEBUG [main] io.micrometer.common.util.internal.logging.InternalLoggerFactory - Using SLF4J as the default logging framework
2025-08-18 18:00:14.692 DEBUG [main] com.zaxxer.hikari.HikariConfig - Driver class org.postgresql.Driver found in Thread context class loader jdk.internal.loader.ClassLoaders$AppClassLoader@76ed5528
2025-08-18 18:00:14.754 DEBUG [main] com.zaxxer.hikari.HikariConfig - HikariPool-1 - configuration:
2025-08-18 18:00:14.757 DEBUG [main] com.zaxxer.hikari.HikariConfig - allowPoolSuspension.............false
2025-08-18 18:00:14.757 DEBUG [main] com.zaxxer.hikari.HikariConfig - autoCommit......................true
2025-08-18 18:00:14.757 DEBUG [main] com.zaxxer.hikari.HikariConfig - catalog.........................none
2025-08-18 18:00:14.757 DEBUG [main] com.zaxxer.hikari.HikariConfig - connectionInitSql...............none
2025-08-18 18:00:14.757 DEBUG [main] com.zaxxer.hikari.HikariConfig - connectionTestQuery.............none
2025-08-18 18:00:14.758 DEBUG [main] com.zaxxer.hikari.HikariConfig - connectionTimeout...............30000
2025-08-18 18:00:14.759 DEBUG [main] com.zaxxer.hikari.HikariConfig - dataSource......................none
2025-08-18 18:00:14.759 DEBUG [main] com.zaxxer.hikari.HikariConfig - dataSourceClassName.............none
2025-08-18 18:00:14.759 DEBUG [main] com.zaxxer.hikari.HikariConfig - dataSourceJNDI..................none
2025-08-18 18:00:14.759 DEBUG [main] com.zaxxer.hikari.HikariConfig - dataSourceProperties............{password=<masked>}
2025-08-18 18:00:14.760 DEBUG [main] com.zaxxer.hikari.HikariConfig - driverClassName................."org.postgresql.Driver"
2025-08-18 18:00:14.760 DEBUG [main] com.zaxxer.hikari.HikariConfig - exceptionOverrideClassName......none
2025-08-18 18:00:14.760 DEBUG [main] com.zaxxer.hikari.HikariConfig - healthCheckProperties...........{}
2025-08-18 18:00:14.760 DEBUG [main] com.zaxxer.hikari.HikariConfig - healthCheckRegistry.............none
2025-08-18 18:00:14.760 DEBUG [main] com.zaxxer.hikari.HikariConfig - idleTimeout.....................600000
2025-08-18 18:00:14.761 DEBUG [main] com.zaxxer.hikari.HikariConfig - initializationFailTimeout.......1
2025-08-18 18:00:14.761 DEBUG [main] com.zaxxer.hikari.HikariConfig - isolateInternalQueries..........false
2025-08-18 18:00:14.761 DEBUG [main] com.zaxxer.hikari.HikariConfig - jdbcUrl.........................jdbc:postgresql://postgres:5432/revplan
2025-08-18 18:00:14.761 DEBUG [main] com.zaxxer.hikari.HikariConfig - keepaliveTime...................0
2025-08-18 18:00:14.761 DEBUG [main] com.zaxxer.hikari.HikariConfig - leakDetectionThreshold..........0
2025-08-18 18:00:14.761 DEBUG [main] com.zaxxer.hikari.HikariConfig - maxLifetime.....................1800000
2025-08-18 18:00:14.761 DEBUG [main] com.zaxxer.hikari.HikariConfig - maximumPoolSize.................10
2025-08-18 18:00:14.761 DEBUG [main] com.zaxxer.hikari.HikariConfig - metricRegistry..................none
2025-08-18 18:00:14.762 DEBUG [main] com.zaxxer.hikari.HikariConfig - metricsTrackerFactory...........none
2025-08-18 18:00:14.762 DEBUG [main] com.zaxxer.hikari.HikariConfig - minimumIdle.....................10
2025-08-18 18:00:14.762 DEBUG [main] com.zaxxer.hikari.HikariConfig - password........................<masked>
2025-08-18 18:00:14.762 DEBUG [main] com.zaxxer.hikari.HikariConfig - poolName........................"HikariPool-1"
2025-08-18 18:00:14.763 DEBUG [main] com.zaxxer.hikari.HikariConfig - readOnly........................false
2025-08-18 18:00:14.763 DEBUG [main] com.zaxxer.hikari.HikariConfig - registerMbeans..................false
2025-08-18 18:00:14.763 DEBUG [main] com.zaxxer.hikari.HikariConfig - scheduledExecutor...............none
2025-08-18 18:00:14.763 DEBUG [main] com.zaxxer.hikari.HikariConfig - schema..........................none
2025-08-18 18:00:14.764 DEBUG [main] com.zaxxer.hikari.HikariConfig - threadFactory...................internal
2025-08-18 18:00:14.764 DEBUG [main] com.zaxxer.hikari.HikariConfig - transactionIsolation............default
2025-08-18 18:00:14.764 DEBUG [main] com.zaxxer.hikari.HikariConfig - username........................"revplan"
2025-08-18 18:00:14.764 DEBUG [main] com.zaxxer.hikari.HikariConfig - validationTimeout...............5000
2025-08-18 18:00:14.765 INFO  [main] com.zaxxer.hikari.HikariDataSource - HikariPool-1 - Starting...
2025-08-18 18:00:14.789 DEBUG [main] org.postgresql.Driver - Loading driver configuration via classloader jdk.internal.loader.ClassLoaders$AppClassLoader@76ed5528
2025-08-18 18:00:14.790 DEBUG [main] org.postgresql.Driver - Connecting with URL: jdbc:postgresql://postgres:5432/revplan
2025-08-18 18:00:14.802 DEBUG [main] org.postgresql.jdbc.PgConnection - PostgreSQL JDBC Driver 42.7.5
2025-08-18 18:00:14.804 DEBUG [main] org.postgresql.jdbc.PgConnection -   setDefaultFetchSize = 0
2025-08-18 18:00:14.804 DEBUG [main] org.postgresql.jdbc.PgConnection -   setPrepareThreshold = 5
2025-08-18 18:00:14.813 DEBUG [main] org.postgresql.core.v3.ConnectionFactoryImpl - Trying to establish a protocol version 3 connection to postgres:5432
2025-08-18 18:00:17.578 DEBUG [main] org.postgresql.Driver - Connection error: 
org.postgresql.util.PSQLException: El intento de conexión falló.
	at org.postgresql.core.v3.ConnectionFactoryImpl.openConnectionImpl(ConnectionFactoryImpl.java:364) ~[postgresql-42.7.5.jar:42.7.5]
	at org.postgresql.core.ConnectionFactory.openConnection(ConnectionFactory.java:54) ~[postgresql-42.7.5.jar:42.7.5]
	at org.postgresql.jdbc.PgConnection.<init>(PgConnection.java:273) ~[postgresql-42.7.5.jar:42.7.5]
	at org.postgresql.Driver.makeConnection(Driver.java:446) ~[postgresql-42.7.5.jar:42.7.5]
	at org.postgresql.Driver.connect(Driver.java:298) ~[postgresql-42.7.5.jar:42.7.5]
	at com.zaxxer.hikari.util.DriverDataSource.getConnection(DriverDataSource.java:137) ~[HikariCP-5.1.0.jar:?]
	at com.zaxxer.hikari.pool.PoolBase.newConnection(PoolBase.java:360) ~[HikariCP-5.1.0.jar:?]
	at com.zaxxer.hikari.pool.PoolBase.newPoolEntry(PoolBase.java:202) ~[HikariCP-5.1.0.jar:?]
	at com.zaxxer.hikari.pool.HikariPool.createPoolEntry(HikariPool.java:461) ~[HikariCP-5.1.0.jar:?]
	at com.zaxxer.hikari.pool.HikariPool.checkFailFast(HikariPool.java:550) ~[HikariCP-5.1.0.jar:?]
	at com.zaxxer.hikari.pool.HikariPool.<init>(HikariPool.java:98) ~[HikariCP-5.1.0.jar:?]
	at com.zaxxer.hikari.HikariDataSource.getConnection(HikariDataSource.java:111) ~[HikariCP-5.1.0.jar:?]
	at org.springframework.jdbc.datasource.DataSourceUtils.fetchConnection(DataSourceUtils.java:160) ~[spring-jdbc-6.2.3.jar:6.2.3]
	at org.springframework.jdbc.datasource.DataSourceUtils.doGetConnection(DataSourceUtils.java:118) ~[spring-jdbc-6.2.3.jar:6.2.3]
	at org.springframework.jdbc.datasource.DataSourceUtils.getConnection(DataSourceUtils.java:81) ~[spring-jdbc-6.2.3.jar:6.2.3]
	at org.springframework.jdbc.datasource.init.DatabasePopulatorUtils.execute(DatabasePopulatorUtils.java:52) ~[spring-jdbc-6.2.3.jar:6.2.3]
	at org.springframework.boot.jdbc.init.DataSourceScriptDatabaseInitializer.runScripts(DataSourceScriptDatabaseInitializer.java:87) ~[spring-boot-3.4.3.jar:3.4.3]
	at org.springframework.boot.sql.init.AbstractScriptDatabaseInitializer.runScripts(AbstractScriptDatabaseInitializer.java:146) ~[spring-boot-3.4.3.jar:3.4.3]
	at org.springframework.boot.sql.init.AbstractScriptDatabaseInitializer.applyScripts(AbstractScriptDatabaseInitializer.java:108) ~[spring-boot-3.4.3.jar:3.4.3]
	at org.springframework.boot.sql.init.AbstractScriptDatabaseInitializer.applySchemaScripts(AbstractScriptDatabaseInitializer.java:98) ~[spring-boot-3.4.3.jar:3.4.3]
	at org.springframework.boot.sql.init.AbstractScriptDatabaseInitializer.initializeDatabase(AbstractScriptDatabaseInitializer.java:76) ~[spring-boot-3.4.3.jar:3.4.3]
	at org.springframework.boot.sql.init.AbstractScriptDatabaseInitializer.afterPropertiesSet(AbstractScriptDatabaseInitializer.java:66) ~[spring-boot-3.4.3.jar:3.4.3]
	at org.springframework.beans.factory.support.AbstractAutowireCapableBeanFactory.invokeInitMethods(AbstractAutowireCapableBeanFactory.java:1859) ~[spring-beans-6.2.3.jar:6.2.3]
	at org.springframework.beans.factory.support.AbstractAutowireCapableBeanFactory.initializeBean(AbstractAutowireCapableBeanFactory.java:1808) ~[spring-beans-6.2.3.jar:6.2.3]
	at org.springframework.beans.factory.support.AbstractAutowireCapableBeanFactory.doCreateBean(AbstractAutowireCapableBeanFactory.java:601) ~[spring-beans-6.2.3.jar:6.2.3]
	at org.springframework.beans.factory.support.AbstractAutowireCapableBeanFactory.createBean(AbstractAutowireCapableBeanFactory.java:523) ~[spring-beans-6.2.3.jar:6.2.3]
	at org.springframework.beans.factory.support.AbstractBeanFactory.lambda$doGetBean$0(AbstractBeanFactory.java:339) ~[spring-beans-6.2.3.jar:6.2.3]
	at org.springframework.beans.factory.support.DefaultSingletonBeanRegistry.getSingleton(DefaultSingletonBeanRegistry.java:346) [spring-beans-6.2.3.jar:6.2.3]
	at org.springframework.beans.factory.support.AbstractBeanFactory.doGetBean(AbstractBeanFactory.java:337) [spring-beans-6.2.3.jar:6.2.3]
	at org.springframework.beans.factory.support.AbstractBeanFactory.getBean(AbstractBeanFactory.java:202) [spring-beans-6.2.3.jar:6.2.3]
	at org.springframework.beans.factory.support.AbstractBeanFactory.doGetBean(AbstractBeanFactory.java:315) [spring-beans-6.2.3.jar:6.2.3]
	at org.springframework.beans.factory.support.AbstractBeanFactory.getBean(AbstractBeanFactory.java:207) [spring-beans-6.2.3.jar:6.2.3]
	at org.springframework.context.support.AbstractApplicationContext.finishBeanFactoryInitialization(AbstractApplicationContext.java:970) [spring-context-6.2.3.jar:6.2.3]
	at org.springframework.context.support.AbstractApplicationContext.refresh(AbstractApplicationContext.java:627) [spring-context-6.2.3.jar:6.2.3]
	at org.springframework.boot.web.servlet.context.ServletWebServerApplicationContext.refresh(ServletWebServerApplicationContext.java:146) [spring-boot-3.4.3.jar:3.4.3]
	at org.springframework.boot.SpringApplication.refresh(SpringApplication.java:752) [spring-boot-3.4.3.jar:3.4.3]
	at org.springframework.boot.SpringApplication.refreshContext(SpringApplication.java:439) [spring-boot-3.4.3.jar:3.4.3]
	at org.springframework.boot.SpringApplication.run(SpringApplication.java:318) [spring-boot-3.4.3.jar:3.4.3]
	at org.springframework.boot.SpringApplication.run(SpringApplication.java:1361) [spring-boot-3.4.3.jar:3.4.3]
	at org.springframework.boot.SpringApplication.run(SpringApplication.java:1350) [spring-boot-3.4.3.jar:3.4.3]
	at com.revapp.planengine.Application.main(Application.java:23) [classes/:?]
Caused by: java.net.UnknownHostException: postgres
	at java.base/sun.nio.ch.NioSocketImpl.connect(NioSocketImpl.java:567) ~[?:?]
	at java.base/java.net.SocksSocketImpl.connect(SocksSocketImpl.java:327) ~[?:?]
	at java.base/java.net.Socket.connect(Socket.java:751) ~[?:?]
	at org.postgresql.core.PGStream.createSocket(PGStream.java:260) ~[postgresql-42.7.5.jar:42.7.5]
	at org.postgresql.core.PGStream.<init>(PGStream.java:121) ~[postgresql-42.7.5.jar:42.7.5]
	at org.postgresql.core.v3.ConnectionFactoryImpl.tryConnect(ConnectionFactoryImpl.java:140) ~[postgresql-42.7.5.jar:42.7.5]
	at org.postgresql.core.v3.ConnectionFactoryImpl.openConnectionImpl(ConnectionFactoryImpl.java:268) ~[postgresql-42.7.5.jar:42.7.5]
	... 40 more
2025-08-18 18:00:17.586 DEBUG [main] com.zaxxer.hikari.pool.PoolBase - HikariPool-1 - Failed to create/setup connection: El intento de conexión falló.
2025-08-18 18:00:18.595 WARN  [main] org.springframework.boot.web.servlet.context.AnnotationConfigServletWebServerApplicationContext - Exception encountered during context initialization - cancelling refresh attempt: org.springframework.beans.factory.BeanCreationException: Error creating bean with name 'entityManagerFactory' defined in class path resource [org/springframework/boot/autoconfigure/orm/jpa/HibernateJpaConfiguration.class]: Failed to initialize dependency 'dataSourceScriptDatabaseInitializer' of LoadTimeWeaverAware bean 'entityManagerFactory': Error creating bean with name 'dataSourceScriptDatabaseInitializer' defined in class path resource [org/springframework/boot/autoconfigure/sql/init/DataSourceInitializationConfiguration.class]: Failed to execute database script
